Resolved date range: 06/28/2026 -> 07/04/2026
Valid ticket prefixes: ['MV']
Logging into ScrapRight...
Login submitted.
Waiting for login to complete in the browser...
Login detected. Continuing automatically...
Opening TRANSACTIONS menu...
Selecting Date Range...
Date Range selected.
Filling date range: 06/28/2026 -> 07/04/2026
Start date entered: 06282026
End date entered:   07042026
Clicking search...

Processing results page 1...
Scraping ticket numbers from current page...
Waiting for search results...
Found 10 ticket(s) on this page after status filtering: ['MV5989', 'MV5988', 'MV5987', 'MV5986', 'MV5985', 'MV5984', 'MV5983', 'MV5982', 'MV5981', 'MV5980']
Opening ticket MV5989...
Downloading images for MV5989...
Waiting for ticket detail for MV5989...
Found 1 ticket item card(s).
Uploaded MV5989_01_Unclean_Extrusion.jpg to train/Unclean_Extrusion/ and all_by_ticket/MV5989/ using Direct Image Src
Uploaded 1 image(s) for MV5989
Opening ticket MV5988...
Downloading images for MV5988...
Waiting for ticket detail for MV5988...
Found 2 ticket item card(s).
Uploaded MV5988_01_2_Insulated_Wire.jpg to train/2_Insulated_Wire/ and all_by_ticket/MV5988/ using Direct Image Src
Uploaded MV5988_02_Sheet_Iron.jpg to train/Sheet_Iron/ and all_by_ticket/MV5988/ using Direct Image Src
Uploaded 2 image(s) for MV5988
Opening ticket MV5987...
Downloading images for MV5987...
Waiting for ticket detail for MV5987...
Found 1 ticket item card(s).
Uploaded MV5987_01_Sheet_Iron.jpg to train/Sheet_Iron/ and all_by_ticket/MV5987/ using Direct Image Src
Uploaded 1 image(s) for MV5987
Opening ticket MV5986...
Downloading images for MV5986...
Waiting for ticket detail for MV5986...
Found 7 ticket item card(s).
Uploaded MV5986_01_Sheet_Iron.jpg to train/Sheet_Iron/ and all_by_ticket/MV5986/ using Direct Image Src
Uploaded MV5986_02_Yellow_Brass_Clean.jpg to train/Yellow_Brass_Clean/ and all_by_ticket/MV5986/ using Direct Image Src
Uploaded MV5986_03_Dirty_Brass.jpg to train/Dirty_Brass/ and all_by_ticket/MV5986/ using Direct Image Src
Uploaded MV5986_06_Sealed_Units.jpg to train/Sealed_Units/ and all_by_ticket/MV5986/ using Direct Image Src
Uploaded MV5986_07_Sheet_Aluminum.jpg to train/Sheet_Aluminum/ and all_by_ticket/MV5986/ using Direct Image Src
Uploaded MV5986_04_1_Copper.jpg to train/1_Copper/ and all_by_ticket/MV5986/ using Direct Image Src
Uploaded MV5986_05_2_Copper.jpg to train/2_Copper/ and all_by_ticket/MV5986/ using Direct Image Src
Uploaded 7 image(s) for MV5986
Opening ticket MV5985...
Downloading images for MV5985...
Waiting for ticket detail for MV5985...
Found 1 ticket item card(s).
Uploaded MV5985_01_Sheet_Iron.jpg to train/Sheet_Iron/ and all_by_ticket/MV5985/ using Direct Image Src
Uploaded 1 image(s) for MV5985
Opening ticket MV5984...
Downloading images for MV5984...
Waiting for ticket detail for MV5984...
Found 6 ticket item card(s).
Uploaded MV5984_05_2_Copper.jpg to train/2_Copper/ and all_by_ticket/MV5984/ using Direct Image Src
Uploaded MV5984_03_Cast_Aluminum.jpg to train/Cast_Aluminum/ and all_by_ticket/MV5984/ using Direct Image Src
Uploaded MV5984_04_1_Copper.jpg to train/1_Copper/ and all_by_ticket/MV5984/ using Direct Image Src
Uploaded MV5984_01_Sheet_Iron.jpg to train/Sheet_Iron/ and all_by_ticket/MV5984/ using Direct Image Src
Uploaded MV5984_06_Dirty_Brass.jpg to train/Dirty_Brass/ and all_by_ticket/MV5984/ using Direct Image Src
Uploaded MV5984_02_6061_Truck_Wheel.jpg to train/6061_Truck_Wheel/ and all_by_ticket/MV5984/ using Direct Image Src
Uploaded 6 image(s) for MV5984
Opening ticket MV5983...
Downloading images for MV5983...
Waiting for ticket detail for MV5983...
Found 1 ticket item card(s).
Uploaded MV5983_01_Unclean_Extrusion.jpg to train/Unclean_Extrusion/ and all_by_ticket/MV5983/ using Direct Image Src
Uploaded 1 image(s) for MV5983
Opening ticket MV5982...
Downloading images for MV5982...
Waiting for ticket detail for MV5982...
Found 3 ticket item card(s).
Uploaded MV5982_02_1_Insulated_Wire.jpg to train/1_Insulated_Wire/ and all_by_ticket/MV5982/ using Direct Image Src
Uploaded MV5982_01_2_Insulated_Wire.jpg to train/2_Insulated_Wire/ and all_by_ticket/MV5982/ using Direct Image Src
Uploaded MV5982_03_2_Insulated_Wire.jpg to train/2_Insulated_Wire/ and all_by_ticket/MV5982/ using Direct Image Src
Uploaded 3 image(s) for MV5982
Opening ticket MV5981...
Downloading images for MV5981...
Waiting for ticket detail for MV5981...
Found 4 ticket item card(s).
Uploaded MV5981_04_2_Insulated_Wire.jpg to train/2_Insulated_Wire/ and all_by_ticket/MV5981/ using Direct Image Src
Uploaded MV5981_03_Sheet_Aluminum.jpg to train/Sheet_Aluminum/ and all_by_ticket/MV5981/ using Direct Image Src
Uploaded MV5981_02_Ballast.jpg to train/Ballast/ and all_by_ticket/MV5981/ using Direct Image Src
Uploaded MV5981_01_Sheet_Iron.jpg to train/Sheet_Iron/ and all_by_ticket/MV5981/ using Direct Image Src
Uploaded 4 image(s) for MV5981
Opening ticket MV5980...
Downloading images for MV5980...
Waiting for ticket detail for MV5980...
Found 4 ticket item card(s).
Uploaded MV5980_01_Sheet_Iron.jpg to train/Sheet_Iron/ and all_by_ticket/MV5980/ using Direct Image Src
Uploaded MV5980_04_Dirty_Brass.jpg to train/Dirty_Brass/ and all_by_ticket/MV5980/ using Direct Image Src
Uploaded MV5980_03_2_Copper.jpg to train/2_Copper/ and all_by_ticket/MV5980/ using Direct Image Src
Uploaded MV5980_02_2_Copper.jpg to val/2_Copper/ and all_by_ticket/MV5980/ using Direct Image Src
Uploaded 4 image(s) for MV5980
Pagination before click: 1 - 10 of 130
Pagination after click: 11 - 20 of 130

Processing results page 2...
Scraping ticket numbers from current page...
Waiting for search results...
Skipping ticket MV5994 due to status: VOID
Skipping ticket MV5993 due to status: VOID
Found 8 ticket(s) on this page after status filtering: ['MV5999', 'MV5998', 'MV5997', 'MV5996', 'MV5995', 'MV5992', 'MV5991', 'MV5990']
Opening ticket MV5999...
Downloading images for MV5999...
Waiting for ticket detail for MV5999...
Found 1 ticket item card(s).
Uploaded MV5999_01_BareBright.jpg to train/BareBright/ and all_by_ticket/MV5999/ using Direct Image Src
Uploaded 1 image(s) for MV5999
Opening ticket MV5998...
Downloading images for MV5998...
Waiting for ticket detail for MV5998...
Found 2 ticket item card(s).
Uploaded MV5998_02_Yellow_Brass_Clean.jpg to train/Yellow_Brass_Clean/ and all_by_ticket/MV5998/ using Direct Image Src
Uploaded MV5998_01_AluminumCopper_Radiator.jpg to train/AluminumCopper_Radiator/ and all_by_ticket/MV5998/ using Direct Image Src
Uploaded 2 image(s) for MV5998
Opening ticket MV5997...
Downloading images for MV5997...
Waiting for ticket detail for MV5997...
Found 1 ticket item card(s).
Uploaded MV5997_01_Test.jpg to train/Test/ and all_by_ticket/MV5997/ using Direct Image Src
Uploaded 1 image(s) for MV5997
Opening ticket MV5996...
Downloading images for MV5996...
Waiting for ticket detail for MV5996...
Found 1 ticket item card(s).
Uploaded MV5996_01_Aluminum_Cans.jpg to train/Aluminum_Cans/ and all_by_ticket/MV5996/ using Direct Image Src
Uploaded 1 image(s) for MV5996
Opening ticket MV5995...
Downloading images for MV5995...
Waiting for ticket detail for MV5995...
Found 6 ticket item card(s).
Uploaded MV5995_02_Aluminum_Radiator.jpg to test/Aluminum_Radiator/ and all_by_ticket/MV5995/ using Direct Image Src
Uploaded MV5995_01_Sheet_Iron.jpg to train/Sheet_Iron/ and all_by_ticket/MV5995/ using Direct Image Src
Uploaded MV5995_05_Yellow_Brass_Clean.jpg to train/Yellow_Brass_Clean/ and all_by_ticket/MV5995/ using Direct Image Src
Uploaded MV5995_06_2_Copper.jpg to train/2_Copper/ and all_by_ticket/MV5995/ using Direct Image Src
Uploaded MV5995_03_2_Insulated_Wire.jpg to train/2_Insulated_Wire/ and all_by_ticket/MV5995/ using Direct Image Src
Uploaded MV5995_04_Cast_Aluminum.jpg to test/Cast_Aluminum/ and all_by_ticket/MV5995/ using Direct Image Src
Uploaded 6 image(s) for MV5995
Opening ticket MV5992...
Downloading images for MV5992...
Waiting for ticket detail for MV5992...
Found 1 ticket item card(s).
Uploaded MV5992_01_Sheet_Iron.jpg to train/Sheet_Iron/ and all_by_ticket/MV5992/ using Direct Image Src
Uploaded 1 image(s) for MV5992
Opening ticket MV5991...
Downloading images for MV5991...
Waiting for ticket detail for MV5991...
Found 7 ticket item card(s).
Uploaded MV5991_02_AluminumCopper_Radiator.jpg to train/AluminumCopper_Radiator/ and all_by_ticket/MV5991/ using Direct Image Src
Uploaded MV5991_03_Acr_Radiator_Ends.jpg to train/Acr_Radiator_Ends/ and all_by_ticket/MV5991/ using Direct Image Src
Uploaded MV5991_06_Cast_Aluminum.jpg to test/Cast_Aluminum/ and all_by_ticket/MV5991/ using Direct Image Src
Uploaded MV5991_05_2_Insulated_Wire.jpg to train/2_Insulated_Wire/ and all_by_ticket/MV5991/ using Direct Image Src
Uploaded MV5991_04_2_Copper.jpg to test/2_Copper/ and all_by_ticket/MV5991/ using Direct Image Src
Uploaded MV5991_01_Sealed_Units.jpg to train/Sealed_Units/ and all_by_ticket/MV5991/ using Direct Image Src
Uploaded MV5991_07_Sheet_Aluminum.jpg to train/Sheet_Aluminum/ and all_by_ticket/MV5991/ using Direct Image Src
Uploaded 7 image(s) for MV5991
Opening ticket MV5990...
Downloading images for MV5990...
Waiting for ticket detail for MV5990...
Found 7 ticket item card(s).
Uploaded MV5990_03_Romex.jpg to test/Romex/ and all_by_ticket/MV5990/ using Direct Image Src
Uploaded MV5990_04_2_Insulated_Wire.jpg to test/2_Insulated_Wire/ and all_by_ticket/MV5990/ using Direct Image Src
Uploaded MV5990_05_Aluminum_Rim_Clean.jpg to train/Aluminum_Rim_Clean/ and all_by_ticket/MV5990/ using Direct Image Src
Uploaded MV5990_02_Sealed_Units.jpg to val/Sealed_Units/ and all_by_ticket/MV5990/ using Direct Image Src
Uploaded MV5990_01_AluminumCopper_Radiator.jpg to train/AluminumCopper_Radiator/ and all_by_ticket/MV5990/ using Direct Image Src
Uploaded MV5990_06_Lead.jpg to train/Lead/ and all_by_ticket/MV5990/ using Direct Image Src
Uploaded MV5990_07_Aluminum_Cans.jpg to train/Aluminum_Cans/ and all_by_ticket/MV5990/ using Direct Image Src
Uploaded 7 image(s) for MV5990
Pagination before click: 11 - 20 of 130
Pagination after click: 21 - 30 of 130

Processing results page 3...
Scraping ticket numbers from current page...
Waiting for search results...
Skipping ticket MV6004 due to status: CANCEL
Skipping ticket MV6003 due to status: CANCEL
Skipping ticket MV6000 due to status: CANCEL
Found 7 ticket(s) on this page after status filtering: ['MV6009', 'MV6008', 'MV6007', 'MV6006', 'MV6005', 'MV6002', 'MV6001']
Opening ticket MV6009...
Downloading images for MV6009...
Waiting for ticket detail for MV6009...
Found 2 ticket item card(s).
Uploaded MV6009_01_Sheet_Iron.jpg to test/Sheet_Iron/ and all_by_ticket/MV6009/ using Direct Image Src
Uploaded MV6009_02_Sheet_Iron.jpg to val/Sheet_Iron/ and all_by_ticket/MV6009/ using Direct Image Src
Uploaded 2 image(s) for MV6009
Opening ticket MV6008...
Downloading images for MV6008...
Waiting for ticket detail for MV6008...
Found 7 ticket item card(s).
Uploaded MV6008_02_Ballast.jpg to train/Ballast/ and all_by_ticket/MV6008/ using Direct Image Src
Uploaded MV6008_05_Extrusion.jpg to train/Extrusion/ and all_by_ticket/MV6008/ using Direct Image Src
Uploaded MV6008_03_Dirty_Brass.jpg to train/Dirty_Brass/ and all_by_ticket/MV6008/ using Direct Image Src
Uploaded MV6008_01_Aluminum_Cans.jpg to train/Aluminum_Cans/ and all_by_ticket/MV6008/ using Direct Image Src
Uploaded MV6008_06_Aluminum_Rim_Clean.jpg to train/Aluminum_Rim_Clean/ and all_by_ticket/MV6008/ using Direct Image Src
Uploaded MV6008_04_2_Copper.jpg to train/2_Copper/ and all_by_ticket/MV6008/ using Direct Image Src
Uploaded MV6008_07_Aluminum_Radiator.jpg to test/Aluminum_Radiator/ and all_by_ticket/MV6008/ using Direct Image Src
Uploaded 7 image(s) for MV6008
Opening ticket MV6007...
Downloading images for MV6007...
Waiting for ticket detail for MV6007...
Found 3 ticket item card(s).
Uploaded MV6007_02_2_Copper.jpg to test/2_Copper/ and all_by_ticket/MV6007/ using Direct Image Src
Uploaded MV6007_01_BareBright.jpg to test/BareBright/ and all_by_ticket/MV6007/ using Direct Image Src
Uploaded MV6007_03_Dirty_Brass.jpg to train/Dirty_Brass/ and all_by_ticket/MV6007/ using Direct Image Src
Uploaded 3 image(s) for MV6007
Opening ticket MV6006...
Downloading images for MV6006...
Waiting for ticket detail for MV6006...
Found 3 ticket item card(s).
Uploaded MV6006_02_AluminumCopper_Radiator.jpg to train/AluminumCopper_Radiator/ and all_by_ticket/MV6006/ using Direct Image Src
Uploaded MV6006_03_AluminumCopper_Radiator.jpg to train/AluminumCopper_Radiator/ and all_by_ticket/MV6006/ using Direct Image Src
Uploaded MV6006_01_1_Copper.jpg to val/1_Copper/ and all_by_ticket/MV6006/ using Direct Image Src
Uploaded 3 image(s) for MV6006
Opening ticket MV6005...
Downloading images for MV6005...
Waiting for ticket detail for MV6005...
Found 1 ticket item card(s).
Uploaded MV6005_01_Aluminum_Cans.jpg to train/Aluminum_Cans/ and all_by_ticket/MV6005/ using Direct Image Src
Uploaded 1 image(s) for MV6005
Opening ticket MV6002...
Downloading images for MV6002...
Waiting for ticket detail for MV6002...
Found 1 ticket item card(s).
Uploaded MV6002_01_Sheet_Iron.jpg to train/Sheet_Iron/ and all_by_ticket/MV6002/ using Direct Image Src
Uploaded 1 image(s) for MV6002
Opening ticket MV6001...
Downloading images for MV6001...
Waiting for ticket detail for MV6001...
Found 1 ticket item card(s).
Uploaded MV6001_01_BareBright.jpg to train/BareBright/ and all_by_ticket/MV6001/ using Direct Image Src
Uploaded 1 image(s) for MV6001
Pagination before click: 21 - 30 of 130
Pagination after click: 31 - 40 of 130

Processing results page 4...
Scraping ticket numbers from current page...
Waiting for search results...
Found 10 ticket(s) on this page after status filtering: ['MV6019', 'MV6018', 'MV6017', 'MV6016', 'MV6015', 'MV6014', 'MV6013', 'MV6012', 'MV6011', 'MV6010']
Opening ticket MV6019...
Downloading images for MV6019...
Waiting for ticket detail for MV6019...
Found 3 ticket item card(s).
Uploaded MV6019_02_Sheet_Iron.jpg to train/Sheet_Iron/ and all_by_ticket/MV6019/ using Direct Image Src
Uploaded MV6019_01_2_Copper.jpg to train/2_Copper/ and all_by_ticket/MV6019/ using Direct Image Src
Uploaded MV6019_03_Sheet_Iron.jpg to train/Sheet_Iron/ and all_by_ticket/MV6019/ using Direct Image Src
Uploaded 3 image(s) for MV6019
Opening ticket MV6018...
Downloading images for MV6018...
Waiting for ticket detail for MV6018...
Found 2 ticket item card(s).
Uploaded MV6018_02_Aluminum_Wire_Clean_No_Insulation.jpg to val/Aluminum_Wire_Clean_No_Insulation/ and all_by_ticket/MV6018/ using Direct Image Src
Uploaded MV6018_01_Aluminum_Cans.jpg to train/Aluminum_Cans/ and all_by_ticket/MV6018/ using Direct Image Src
Uploaded 2 image(s) for MV6018
Opening ticket MV6017...
Downloading images for MV6017...
Waiting for ticket detail for MV6017...
Found 1 ticket item card(s).
Uploaded MV6017_01_Ballast.jpg to train/Ballast/ and all_by_ticket/MV6017/ using Direct Image Src
Uploaded 1 image(s) for MV6017
Opening ticket MV6016...
Downloading images for MV6016...
Waiting for ticket detail for MV6016...
Found 1 ticket item card(s).
Uploaded MV6016_01_Sheet_Iron.jpg to train/Sheet_Iron/ and all_by_ticket/MV6016/ using Direct Image Src
Uploaded 1 image(s) for MV6016
Opening ticket MV6015...
Downloading images for MV6015...
Waiting for ticket detail for MV6015...
Found 1 ticket item card(s).
Uploaded MV6015_01_Sheet_Iron.jpg to train/Sheet_Iron/ and all_by_ticket/MV6015/ using Direct Image Src
Uploaded 1 image(s) for MV6015
Opening ticket MV6014...
Downloading images for MV6014...
Waiting for ticket detail for MV6014...
Found 1 ticket item card(s).
Uploaded MV6014_01_Sheet_Iron.jpg to train/Sheet_Iron/ and all_by_ticket/MV6014/ using Direct Image Src
Uploaded 1 image(s) for MV6014
Opening ticket MV6013...
Downloading images for MV6013...
Waiting for ticket detail for MV6013...
Found 1 ticket item card(s).
Uploaded MV6013_01_Sheet_Iron.jpg to train/Sheet_Iron/ and all_by_ticket/MV6013/ using Direct Image Src
Uploaded 1 image(s) for MV6013
Opening ticket MV6012...
Downloading images for MV6012...
Waiting for ticket detail for MV6012...
Found 6 ticket item card(s).
Uploaded MV6012_01_2_Copper.jpg to train/2_Copper/ and all_by_ticket/MV6012/ using Direct Image Src
Uploaded MV6012_02_BareBright.jpg to train/BareBright/ and all_by_ticket/MV6012/ using Direct Image Src
Uploaded MV6012_04_BareBright.jpg to train/BareBright/ and all_by_ticket/MV6012/ using Direct Image Src
Uploaded MV6012_03_2_Copper.jpg to test/2_Copper/ and all_by_ticket/MV6012/ using Direct Image Src
Uploaded MV6012_05_BareBright.jpg to train/BareBright/ and all_by_ticket/MV6012/ using Direct Image Src
Uploaded MV6012_06_BareBright.jpg to test/BareBright/ and all_by_ticket/MV6012/ using Direct Image Src
Uploaded 6 image(s) for MV6012
Opening ticket MV6011...
Downloading images for MV6011...
Waiting for ticket detail for MV6011...
Found 1 ticket item card(s).
Uploaded MV6011_01_BareBright.jpg to train/BareBright/ and all_by_ticket/MV6011/ using Direct Image Src
Uploaded 1 image(s) for MV6011
Opening ticket MV6010...
Downloading images for MV6010...
Waiting for ticket detail for MV6010...
Found 1 ticket item card(s).
Uploaded MV6010_01_Auto_Batteries.jpg to train/Auto_Batteries/ and all_by_ticket/MV6010/ using Direct Image Src
Uploaded 1 image(s) for MV6010
Pagination before click: 31 - 40 of 130
Pagination after click: 41 - 50 of 130

Processing results page 5...
Scraping ticket numbers from current page...
Waiting for search results...
Skipping ticket MV6022 due to status: CANCEL
Found 9 ticket(s) on this page after status filtering: ['MV6029', 'MV6028', 'MV6027', 'MV6026', 'MV6025', 'MV6024', 'MV6023', 'MV6021', 'MV6020']
Opening ticket MV6029...
Downloading images for MV6029...
Waiting for ticket detail for MV6029...
Found 11 ticket item card(s).
Uploaded MV6029_03_AluminumCopper_Radiator.jpg to test/AluminumCopper_Radiator/ and all_by_ticket/MV6029/ using Direct Image Src
Uploaded MV6029_01_2_Insulated_Wire.jpg to train/2_Insulated_Wire/ and all_by_ticket/MV6029/ using Direct Image Src
Uploaded MV6029_06_Circuit_Board_Mid_Grade.jpg to train/Circuit_Board_Mid_Grade/ and all_by_ticket/MV6029/ using Direct Image Src
Uploaded MV6029_02_Low_Grade_Insulated_Wire.jpg to train/Low_Grade_Insulated_Wire/ and all_by_ticket/MV6029/ using Direct Image Src
Uploaded MV6029_05_2_Copper.jpg to train/2_Copper/ and all_by_ticket/MV6029/ using Direct Image Src
Uploaded MV6029_04_BareBright.jpg to train/BareBright/ and all_by_ticket/MV6029/ using Direct Image Src
Uploaded MV6029_07_Misc_Electronic_Scrap.jpg to test/Misc_Electronic_Scrap/ and all_by_ticket/MV6029/ using Direct Image Src
Uploaded MV6029_10_Irony_Aluminum.jpg to test/Irony_Aluminum/ and all_by_ticket/MV6029/ using Direct Image Src
Uploaded MV6029_09_Auto_Batteries.jpg to train/Auto_Batteries/ and all_by_ticket/MV6029/ using Direct Image Src
Uploaded MV6029_11_Electric_Motor.jpg to test/Electric_Motor/ and all_by_ticket/MV6029/ using Direct Image Src
Uploaded MV6029_08_Sealed_Units.jpg to train/Sealed_Units/ and all_by_ticket/MV6029/ using Direct Image Src
Uploaded 11 image(s) for MV6029
Opening ticket MV6028...
Downloading images for MV6028...
Waiting for ticket detail for MV6028...
Found 1 ticket item card(s).
Uploaded MV6028_01_2_Copper.jpg to train/2_Copper/ and all_by_ticket/MV6028/ using Direct Image Src
Uploaded 1 image(s) for MV6028
Opening ticket MV6027...
Downloading images for MV6027...
Waiting for ticket detail for MV6027...
Found 1 ticket item card(s).
Uploaded MV6027_01_Aluminum_Cans.jpg to test/Aluminum_Cans/ and all_by_ticket/MV6027/ using Direct Image Src
Uploaded 1 image(s) for MV6027
Opening ticket MV6026...
Downloading images for MV6026...
Waiting for ticket detail for MV6026...
Found 1 ticket item card(s).
Uploaded MV6026_01_Sealed_Units.jpg to train/Sealed_Units/ and all_by_ticket/MV6026/ using Direct Image Src
Uploaded 1 image(s) for MV6026
Opening ticket MV6025...
Downloading images for MV6025...
Waiting for ticket detail for MV6025...
Found 17 ticket item card(s).
Uploaded MV6025_05_Electric_Motor.jpg to train/Electric_Motor/ and all_by_ticket/MV6025/ using Direct Image Src
Uploaded MV6025_06_2_Copper.jpg to train/2_Copper/ and all_by_ticket/MV6025/ using Direct Image Src
Uploaded MV6025_01_Sheet_Iron.jpg to train/Sheet_Iron/ and all_by_ticket/MV6025/ using Direct Image Src
Uploaded MV6025_03_2_Insulated_Wire.jpg to train/2_Insulated_Wire/ and all_by_ticket/MV6025/ using Direct Image Src
Uploaded MV6025_04_Sheet_Iron.jpg to val/Sheet_Iron/ and all_by_ticket/MV6025/ using Direct Image Src
Uploaded MV6025_07_Aluminum_Radiator.jpg to train/Aluminum_Radiator/ and all_by_ticket/MV6025/ using Direct Image Src
Uploaded MV6025_02_2_Insulated_Wire.jpg to train/2_Insulated_Wire/ and all_by_ticket/MV6025/ using Direct Image Src
Uploaded MV6025_08_AluminumCopper_Radiator.jpg to train/AluminumCopper_Radiator/ and all_by_ticket/MV6025/ using Direct Image Src
Uploaded MV6025_09_Sealed_Units.jpg to val/Sealed_Units/ and all_by_ticket/MV6025/ using Direct Image Src
Uploaded MV6025_15_Dirty_Brass.jpg to train/Dirty_Brass/ and all_by_ticket/MV6025/ using Direct Image Src
Uploaded MV6025_12_Irony_Aluminum.jpg to train/Irony_Aluminum/ and all_by_ticket/MV6025/ using Direct Image Src
Uploaded MV6025_10_Electric_Motor.jpg to train/Electric_Motor/ and all_by_ticket/MV6025/ using Direct Image Src
Uploaded MV6025_11_Auto_Batteries.jpg to train/Auto_Batteries/ and all_by_ticket/MV6025/ using Direct Image Src
Uploaded MV6025_13_Irony_Aluminum.jpg to train/Irony_Aluminum/ and all_by_ticket/MV6025/ using Direct Image Src
Uploaded MV6025_14_Sheet_Iron.jpg to val/Sheet_Iron/ and all_by_ticket/MV6025/ using Direct Image Src
Uploaded MV6025_16_Electric_Motor.jpg to train/Electric_Motor/ and all_by_ticket/MV6025/ using Direct Image Src
Uploaded MV6025_17_Low_Grade_Insulated_Wire.jpg to train/Low_Grade_Insulated_Wire/ and all_by_ticket/MV6025/ using Direct Image Src
Uploaded 17 image(s) for MV6025
Opening ticket MV6024...
Downloading images for MV6024...
Waiting for ticket detail for MV6024...
Found 2 ticket item card(s).
Uploaded MV6024_01_1_Copper.jpg to train/1_Copper/ and all_by_ticket/MV6024/ using Direct Image Src
Uploaded MV6024_02_2_Copper.jpg to train/2_Copper/ and all_by_ticket/MV6024/ using Direct Image Src
Uploaded 2 image(s) for MV6024
Opening ticket MV6023...
Downloading images for MV6023...
Waiting for ticket detail for MV6023...
Found 3 ticket item card(s).
Uploaded MV6023_02_Motor_Cast_Rotors.jpg to val/Motor_Cast_Rotors/ and all_by_ticket/MV6023/ using Direct Image Src
Uploaded MV6023_01_Irony_Aluminum.jpg to train/Irony_Aluminum/ and all_by_ticket/MV6023/ using Direct Image Src
Uploaded MV6023_03_Irony_Aluminum.jpg to train/Irony_Aluminum/ and all_by_ticket/MV6023/ using Direct Image Src
Uploaded 3 image(s) for MV6023
Opening ticket MV6021...
Downloading images for MV6021...
Waiting for ticket detail for MV6021...
Found 7 ticket item card(s).
Uploaded MV6021_02_Irony_Aluminum.jpg to val/Irony_Aluminum/ and all_by_ticket/MV6021/ using Direct Image Src
Uploaded MV6021_04_Sheet_Aluminum.jpg to train/Sheet_Aluminum/ and all_by_ticket/MV6021/ using Direct Image Src
Uploaded MV6021_07_Dirty_Brass.jpg to train/Dirty_Brass/ and all_by_ticket/MV6021/ using Direct Image Src
Uploaded MV6021_03_Sheet_Iron.jpg to train/Sheet_Iron/ and all_by_ticket/MV6021/ using Direct Image Src
Uploaded MV6021_05_Aluminum_Radiator.jpg to train/Aluminum_Radiator/ and all_by_ticket/MV6021/ using Direct Image Src
Uploaded MV6021_06_Irony_SS.jpg to train/Irony_SS/ and all_by_ticket/MV6021/ using Direct Image Src
Uploaded MV6021_01_Sheet_Iron.jpg to train/Sheet_Iron/ and all_by_ticket/MV6021/ using Direct Image Src
Uploaded 7 image(s) for MV6021
Opening ticket MV6020...
Downloading images for MV6020...
Waiting for ticket detail for MV6020...
Found 2 ticket item card(s).
Uploaded MV6020_02_Sheet_Iron.jpg to train/Sheet_Iron/ and all_by_ticket/MV6020/ using Direct Image Src
Uploaded MV6020_01_AluminumCopper_Radiator.jpg to train/AluminumCopper_Radiator/ and all_by_ticket/MV6020/ using Direct Image Src
Uploaded 2 image(s) for MV6020
Pagination before click: 41 - 50 of 130
Pagination after click: 51 - 60 of 130

Processing results page 6...
Scraping ticket numbers from current page...
Waiting for search results...
Skipping ticket MV6035 due to status: VOID
Found 9 ticket(s) on this page after status filtering: ['MV6039', 'MV6038', 'MV6037', 'MV6036', 'MV6034', 'MV6033', 'MV6032', 'MV6031', 'MV6030']
Opening ticket MV6039...
Downloading images for MV6039...
Waiting for ticket detail for MV6039...
Found 2 ticket item card(s).
Uploaded MV6039_01_Irony_Aluminum.jpg to train/Irony_Aluminum/ and all_by_ticket/MV6039/ using Direct Image Src
Uploaded MV6039_02_Romex.jpg to train/Romex/ and all_by_ticket/MV6039/ using Direct Image Src
Uploaded 2 image(s) for MV6039
Opening ticket MV6038...
Downloading images for MV6038...
Waiting for ticket detail for MV6038...
Found 1 ticket item card(s).
No direct full-size image URL found for MV6038 item 1 (Test).
Skipping ticket MV6038: no usable image tasks found.
Uploaded 0 image(s) for MV6038
Opening ticket MV6037...
Downloading images for MV6037...
Waiting for ticket detail for MV6037...
Found 5 ticket item card(s).
Uploaded MV6037_04_2_Insulated_Wire.jpg to val/2_Insulated_Wire/ and all_by_ticket/MV6037/ using Direct Image Src
Uploaded MV6037_02_Electric_Motor.jpg to train/Electric_Motor/ and all_by_ticket/MV6037/ using Direct Image Src
Uploaded MV6037_05_Irony_Aluminum.jpg to train/Irony_Aluminum/ and all_by_ticket/MV6037/ using Direct Image Src
Uploaded MV6037_03_Sealed_Units.jpg to train/Sealed_Units/ and all_by_ticket/MV6037/ using Direct Image Src
Uploaded MV6037_01_Sheet_Iron.jpg to test/Sheet_Iron/ and all_by_ticket/MV6037/ using Direct Image Src
Uploaded 5 image(s) for MV6037
Opening ticket MV6036...
Downloading images for MV6036...
Waiting for ticket detail for MV6036...
Found 1 ticket item card(s).
No direct full-size image URL found for MV6036 item 1 (Test).
Skipping ticket MV6036: no usable image tasks found.
Uploaded 0 image(s) for MV6036
Opening ticket MV6034...
Downloading images for MV6034...
Waiting for ticket detail for MV6034...
Found 3 ticket item card(s).
Uploaded MV6034_01_AluminumCopper_Radiator.jpg to train/AluminumCopper_Radiator/ and all_by_ticket/MV6034/ using Direct Image Src
Uploaded MV6034_03_2_Insulated_Wire.jpg to val/2_Insulated_Wire/ and all_by_ticket/MV6034/ using Direct Image Src
Uploaded MV6034_02_Acr_Radiator_Ends.jpg to train/Acr_Radiator_Ends/ and all_by_ticket/MV6034/ using Direct Image Src
Uploaded 3 image(s) for MV6034
Opening ticket MV6033...
Downloading images for MV6033...
Waiting for ticket detail for MV6033...
Found 1 ticket item card(s).
Uploaded MV6033_01_Irony_Aluminum.jpg to val/Irony_Aluminum/ and all_by_ticket/MV6033/ using Direct Image Src
Uploaded 1 image(s) for MV6033
Opening ticket MV6032...
Downloading images for MV6032...
Waiting for ticket detail for MV6032...
Found 2 ticket item card(s).
Uploaded MV6032_01_Sheet_Iron.jpg to val/Sheet_Iron/ and all_by_ticket/MV6032/ using Direct Image Src
Uploaded MV6032_02_Extrusion.jpg to train/Extrusion/ and all_by_ticket/MV6032/ using Direct Image Src
Uploaded 2 image(s) for MV6032
Opening ticket MV6031...
Downloading images for MV6031...
Waiting for ticket detail for MV6031...
Found 5 ticket item card(s).
Uploaded MV6031_01_Aluminum_Cans.jpg to val/Aluminum_Cans/ and all_by_ticket/MV6031/ using Direct Image Src
Uploaded MV6031_04_Electric_Motor.jpg to train/Electric_Motor/ and all_by_ticket/MV6031/ using Direct Image Src
Uploaded MV6031_03_2_Insulated_Wire.jpg to test/2_Insulated_Wire/ and all_by_ticket/MV6031/ using Direct Image Src
Uploaded MV6031_05_Sheet_Iron.jpg to train/Sheet_Iron/ and all_by_ticket/MV6031/ using Direct Image Src
Uploaded MV6031_02_Sheet_Aluminum.jpg to train/Sheet_Aluminum/ and all_by_ticket/MV6031/ using Direct Image Src
Uploaded 5 image(s) for MV6031
Opening ticket MV6030...
Downloading images for MV6030...
Waiting for ticket detail for MV6030...
Found 1 ticket item card(s).
Uploaded MV6030_01_2_Insulated_Wire.jpg to train/2_Insulated_Wire/ and all_by_ticket/MV6030/ using Direct Image Src
Uploaded 1 image(s) for MV6030
Pagination before click: 51 - 60 of 130
Pagination after click: 61 - 70 of 130

Processing results page 7...
Scraping ticket numbers from current page...
Waiting for search results...
Found 10 ticket(s) on this page after status filtering: ['MV6049', 'MV6048', 'MV6047', 'MV6046', 'MV6045', 'MV6044', 'MV6043', 'MV6042', 'MV6041', 'MV6040']
Opening ticket MV6049...
Downloading images for MV6049...
Waiting for ticket detail for MV6049...
Found 4 ticket item card(s).
Uploaded MV6049_04_AluminumCopper_Radiator.jpg to train/AluminumCopper_Radiator/ and all_by_ticket/MV6049/ using Direct Image Src
Uploaded MV6049_03_2_Copper.jpg to train/2_Copper/ and all_by_ticket/MV6049/ using Direct Image Src
Uploaded MV6049_01_Electric_Motor.jpg to train/Electric_Motor/ and all_by_ticket/MV6049/ using Direct Image Src
Uploaded MV6049_02_1_Copper.jpg to train/1_Copper/ and all_by_ticket/MV6049/ using Direct Image Src
Uploaded 4 image(s) for MV6049
Opening ticket MV6048...
Downloading images for MV6048...
Waiting for ticket detail for MV6048...
Found 2 ticket item card(s).
Uploaded MV6048_02_1_Copper.jpg to train/1_Copper/ and all_by_ticket/MV6048/ using Direct Image Src
Uploaded MV6048_01_2_Copper.jpg to train/2_Copper/ and all_by_ticket/MV6048/ using Direct Image Src
Uploaded 2 image(s) for MV6048
Opening ticket MV6047...
Downloading images for MV6047...
Waiting for ticket detail for MV6047...
Found 1 ticket item card(s).
Uploaded MV6047_01_Sheet_Iron.jpg to train/Sheet_Iron/ and all_by_ticket/MV6047/ using Direct Image Src
Uploaded 1 image(s) for MV6047
Opening ticket MV6046...
Downloading images for MV6046...
Waiting for ticket detail for MV6046...
Found 7 ticket item card(s).
Uploaded MV6046_01_Irony_Aluminum.jpg to train/Irony_Aluminum/ and all_by_ticket/MV6046/ using Direct Image Src
Uploaded MV6046_02_Sheet_Aluminum.jpg to train/Sheet_Aluminum/ and all_by_ticket/MV6046/ using Direct Image Src
Uploaded MV6046_04_Cast_Aluminum.jpg to train/Cast_Aluminum/ and all_by_ticket/MV6046/ using Direct Image Src
Uploaded MV6046_03_Yellow_Brass_Clean.jpg to train/Yellow_Brass_Clean/ and all_by_ticket/MV6046/ using Direct Image Src
Uploaded MV6046_05_Irony_Aluminum.jpg to test/Irony_Aluminum/ and all_by_ticket/MV6046/ using Direct Image Src
Uploaded MV6046_07_Sheet_Iron.jpg to train/Sheet_Iron/ and all_by_ticket/MV6046/ using Direct Image Src
Uploaded MV6046_06_Sheet_Aluminum.jpg to train/Sheet_Aluminum/ and all_by_ticket/MV6046/ using Direct Image Src
Uploaded 7 image(s) for MV6046
Opening ticket MV6045...
Downloading images for MV6045...
Waiting for ticket detail for MV6045...
Found 10 ticket item card(s).
Uploaded MV6045_02_2_Copper.jpg to train/2_Copper/ and all_by_ticket/MV6045/ using Direct Image Src
Uploaded MV6045_04_Electric_Motor.jpg to train/Electric_Motor/ and all_by_ticket/MV6045/ using Direct Image Src
Uploaded MV6045_05_AluminumCopper_Radiator.jpg to train/AluminumCopper_Radiator/ and all_by_ticket/MV6045/ using Direct Image Src
Uploaded MV6045_07_2_Insulated_Wire.jpg to val/2_Insulated_Wire/ and all_by_ticket/MV6045/ using Direct Image Src
Uploaded MV6045_01_Sheet_Iron.jpg to train/Sheet_Iron/ and all_by_ticket/MV6045/ using Direct Image Src
Uploaded MV6045_03_Electric_Motor.jpg to train/Electric_Motor/ and all_by_ticket/MV6045/ using Direct Image Src
Uploaded MV6045_06_Sheet_Iron.jpg to val/Sheet_Iron/ and all_by_ticket/MV6045/ using Direct Image Src
Uploaded MV6045_09_Sealed_Units.jpg to train/Sealed_Units/ and all_by_ticket/MV6045/ using Direct Image Src
Uploaded MV6045_10_Sheet_Iron.jpg to train/Sheet_Iron/ and all_by_ticket/MV6045/ using Direct Image Src
Uploaded MV6045_08_Electric_Motor.jpg to train/Electric_Motor/ and all_by_ticket/MV6045/ using Direct Image Src
Uploaded 10 image(s) for MV6045
Opening ticket MV6044...
Downloading images for MV6044...
Waiting for ticket detail for MV6044...
Found 2 ticket item card(s).
Uploaded MV6044_01_Aluminum_Rim_Clean.jpg to train/Aluminum_Rim_Clean/ and all_by_ticket/MV6044/ using Direct Image Src
Uploaded MV6044_02_Aluminum_Cans.jpg to train/Aluminum_Cans/ and all_by_ticket/MV6044/ using Direct Image Src
Uploaded 2 image(s) for MV6044
Opening ticket MV6043...
Downloading images for MV6043...
Waiting for ticket detail for MV6043...
Found 1 ticket item card(s).
Uploaded MV6043_01_Sheet_Iron.jpg to train/Sheet_Iron/ and all_by_ticket/MV6043/ using Direct Image Src
Uploaded 1 image(s) for MV6043
Opening ticket MV6042...
Downloading images for MV6042...
Waiting for ticket detail for MV6042...
Found 1 ticket item card(s).
Uploaded MV6042_01_Aluminum_Cans.jpg to val/Aluminum_Cans/ and all_by_ticket/MV6042/ using Direct Image Src
Uploaded 1 image(s) for MV6042
Opening ticket MV6041...
Downloading images for MV6041...
Waiting for ticket detail for MV6041...
Found 4 ticket item card(s).
Uploaded MV6041_03_Low_Grade_Insulated_Wire.jpg to train/Low_Grade_Insulated_Wire/ and all_by_ticket/MV6041/ using Direct Image Src
Uploaded MV6041_02_2_Copper.jpg to train/2_Copper/ and all_by_ticket/MV6041/ using Direct Image Src
Uploaded MV6041_01_BareBright.jpg to train/BareBright/ and all_by_ticket/MV6041/ using Direct Image Src
Uploaded MV6041_04_Aluminum_Cans.jpg to train/Aluminum_Cans/ and all_by_ticket/MV6041/ using Direct Image Src
Uploaded 4 image(s) for MV6041
Opening ticket MV6040...
Downloading images for MV6040...
Waiting for ticket detail for MV6040...
Found 1 ticket item card(s).
Uploaded MV6040_01_1_Copper.jpg to val/1_Copper/ and all_by_ticket/MV6040/ using Direct Image Src
Uploaded 1 image(s) for MV6040
Pagination before click: 61 - 70 of 130
Pagination after click: 71 - 80 of 130

Processing results page 8...
Scraping ticket numbers from current page...
Waiting for search results...
Skipping ticket MV6050 due to status: CANCEL
Found 9 ticket(s) on this page after status filtering: ['MV6059', 'MV6058', 'MV6057', 'MV6056', 'MV6055', 'MV6054', 'MV6053', 'MV6052', 'MV6051']
Opening ticket MV6059...
Downloading images for MV6059...
Waiting for ticket detail for MV6059...
Found 1 ticket item card(s).
Uploaded MV6059_01_Sheet_Iron.jpg to train/Sheet_Iron/ and all_by_ticket/MV6059/ using Direct Image Src
Uploaded 1 image(s) for MV6059
Opening ticket MV6058...
Downloading images for MV6058...
Waiting for ticket detail for MV6058...
Found 3 ticket item card(s).
Uploaded MV6058_01_Sheet_Iron.jpg to train/Sheet_Iron/ and all_by_ticket/MV6058/ using Direct Image Src
Uploaded MV6058_02_Low_Grade_Insulated_Wire.jpg to train/Low_Grade_Insulated_Wire/ and all_by_ticket/MV6058/ using Direct Image Src
Uploaded MV6058_03_Hard_Drive.jpg to train/Hard_Drive/ and all_by_ticket/MV6058/ using Direct Image Src
Uploaded 3 image(s) for MV6058
Opening ticket MV6057...
Downloading images for MV6057...
Waiting for ticket detail for MV6057...
Found 2 ticket item card(s).
Uploaded MV6057_01_Yellow_Brass_Clean.jpg to train/Yellow_Brass_Clean/ and all_by_ticket/MV6057/ using Direct Image Src
Uploaded MV6057_02_Irony_Aluminum.jpg to train/Irony_Aluminum/ and all_by_ticket/MV6057/ using Direct Image Src
Uploaded 2 image(s) for MV6057
Opening ticket MV6056...
Downloading images for MV6056...
Waiting for ticket detail for MV6056...
Found 5 ticket item card(s).
Uploaded MV6056_02_Sealed_Units.jpg to val/Sealed_Units/ and all_by_ticket/MV6056/ using Direct Image Src
Uploaded MV6056_01_AluminumCopper_Radiator.jpg to test/AluminumCopper_Radiator/ and all_by_ticket/MV6056/ using Direct Image Src
Uploaded MV6056_03_2_Copper.jpg to val/2_Copper/ and all_by_ticket/MV6056/ using Direct Image Src
Uploaded MV6056_04_2_Insulated_Wire.jpg to train/2_Insulated_Wire/ and all_by_ticket/MV6056/ using Direct Image Src
Uploaded MV6056_05_Acr_Radiator_Ends.jpg to train/Acr_Radiator_Ends/ and all_by_ticket/MV6056/ using Direct Image Src
Uploaded 5 image(s) for MV6056
Opening ticket MV6055...
Downloading images for MV6055...
Waiting for ticket detail for MV6055...
Found 7 ticket item card(s).
Uploaded MV6055_04_Electric_Motor.jpg to val/Electric_Motor/ and all_by_ticket/MV6055/ using Direct Image Src
Uploaded MV6055_03_Gutters_Siding.jpg to train/Gutters_Siding/ and all_by_ticket/MV6055/ using Direct Image Src
Uploaded MV6055_02_Sheet_Aluminum.jpg to train/Sheet_Aluminum/ and all_by_ticket/MV6055/ using Direct Image Src
Uploaded MV6055_01_Sheet_Iron.jpg to val/Sheet_Iron/ and all_by_ticket/MV6055/ using Direct Image Src
Uploaded MV6055_05_Sealed_Units.jpg to train/Sealed_Units/ and all_by_ticket/MV6055/ using Direct Image Src
Uploaded MV6055_07_2_Copper.jpg to train/2_Copper/ and all_by_ticket/MV6055/ using Direct Image Src
Uploaded MV6055_06_Low_Grade_Insulated_Wire.jpg to train/Low_Grade_Insulated_Wire/ and all_by_ticket/MV6055/ using Direct Image Src
Uploaded 7 image(s) for MV6055
Opening ticket MV6054...
Downloading images for MV6054...
Waiting for ticket detail for MV6054...
Found 2 ticket item card(s).
Uploaded MV6054_01_Cat_56.jpg to train/Cat_56/ and all_by_ticket/MV6054/ using Direct Image Src
Uploaded MV6054_02_Sheet_Iron.jpg to train/Sheet_Iron/ and all_by_ticket/MV6054/ using Direct Image Src
Uploaded 2 image(s) for MV6054
Opening ticket MV6053...
Downloading images for MV6053...
Waiting for ticket detail for MV6053...
Found 4 ticket item card(s).
Uploaded MV6053_01_2_Insulated_Wire.jpg to train/2_Insulated_Wire/ and all_by_ticket/MV6053/ using Direct Image Src
Uploaded MV6053_02_Circuit_Board_Low_Grade.jpg to train/Circuit_Board_Low_Grade/ and all_by_ticket/MV6053/ using Direct Image Src
Uploaded MV6053_03_Sheet_Iron.jpg to train/Sheet_Iron/ and all_by_ticket/MV6053/ using Direct Image Src
Uploaded MV6053_04_Dirty_Brass.jpg to train/Dirty_Brass/ and all_by_ticket/MV6053/ using Direct Image Src
Uploaded 4 image(s) for MV6053
Opening ticket MV6052...
Downloading images for MV6052...
Waiting for ticket detail for MV6052...
Found 1 ticket item card(s).
Uploaded MV6052_01_Sheet_Iron.jpg to test/Sheet_Iron/ and all_by_ticket/MV6052/ using Direct Image Src
Uploaded 1 image(s) for MV6052
Opening ticket MV6051...
Downloading images for MV6051...
Waiting for ticket detail for MV6051...
Found 3 ticket item card(s).
Uploaded MV6051_03_Dirty_Brass.jpg to train/Dirty_Brass/ and all_by_ticket/MV6051/ using Direct Image Src
Uploaded MV6051_02_2_Copper.jpg to train/2_Copper/ and all_by_ticket/MV6051/ using Direct Image Src
Uploaded MV6051_01_Sheet_Iron.jpg to test/Sheet_Iron/ and all_by_ticket/MV6051/ using Direct Image Src
Uploaded 3 image(s) for MV6051
Pagination before click: 71 - 80 of 130
Pagination after click: 81 - 90 of 130

Processing results page 9...
Scraping ticket numbers from current page...
Waiting for search results...
Skipping ticket MV6067 due to status: CANCEL
Skipping ticket MV6062 due to status: CANCEL
Found 8 ticket(s) on this page after status filtering: ['MV6069', 'MV6068', 'MV6066', 'MV6065', 'MV6064', 'MV6063', 'MV6061', 'MV6060']
Opening ticket MV6069...
Downloading images for MV6069...
Waiting for ticket detail for MV6069...
Found 2 ticket item card(s).
Uploaded MV6069_02_Circuit_Board_Low_Grade.jpg to val/Circuit_Board_Low_Grade/ and all_by_ticket/MV6069/ using Direct Image Src
Uploaded MV6069_01_2_Insulated_Wire.jpg to train/2_Insulated_Wire/ and all_by_ticket/MV6069/ using Direct Image Src
Uploaded 2 image(s) for MV6069
Opening ticket MV6068...
Downloading images for MV6068...
Waiting for ticket detail for MV6068...
Found 5 ticket item card(s).
Uploaded MV6068_02_Aluminum_Radiator.jpg to train/Aluminum_Radiator/ and all_by_ticket/MV6068/ using Direct Image Src
Uploaded MV6068_01_Sheet_Iron.jpg to train/Sheet_Iron/ and all_by_ticket/MV6068/ using Direct Image Src
Uploaded MV6068_04_Irony_Aluminum.jpg to train/Irony_Aluminum/ and all_by_ticket/MV6068/ using Direct Image Src
Uploaded MV6068_03_Motor_Cast_Rotors.jpg to train/Motor_Cast_Rotors/ and all_by_ticket/MV6068/ using Direct Image Src
Uploaded MV6068_05_Alternator.jpg to test/Alternator/ and all_by_ticket/MV6068/ using Direct Image Src
Uploaded 5 image(s) for MV6068
Opening ticket MV6066...
Downloading images for MV6066...
Waiting for ticket detail for MV6066...
Found 5 ticket item card(s).
Uploaded MV6066_02_Irony_Aluminum.jpg to train/Irony_Aluminum/ and all_by_ticket/MV6066/ using Direct Image Src
Uploaded MV6066_01_Sheet_Iron.jpg to train/Sheet_Iron/ and all_by_ticket/MV6066/ using Direct Image Src
Uploaded MV6066_04_Aluminum_Wire_Clean_No_Insulation.jpg to train/Aluminum_Wire_Clean_No_Insulation/ and all_by_ticket/MV6066/ using Direct Image Src
Uploaded MV6066_05_2_Copper.jpg to train/2_Copper/ and all_by_ticket/MV6066/ using Direct Image Src
Uploaded MV6066_03_2_Copper.jpg to val/2_Copper/ and all_by_ticket/MV6066/ using Direct Image Src
Uploaded 5 image(s) for MV6066
Opening ticket MV6065...
Downloading images for MV6065...
Waiting for ticket detail for MV6065...
Found 1 ticket item card(s).
Uploaded MV6065_01_Aluminum_Rim_Clean.jpg to train/Aluminum_Rim_Clean/ and all_by_ticket/MV6065/ using Direct Image Src
Uploaded 1 image(s) for MV6065
Opening ticket MV6064...
Downloading images for MV6064...
Waiting for ticket detail for MV6064...
Found 1 ticket item card(s).
Uploaded MV6064_01_Sheet_Iron.jpg to train/Sheet_Iron/ and all_by_ticket/MV6064/ using Direct Image Src
Uploaded 1 image(s) for MV6064
Opening ticket MV6063...
Downloading images for MV6063...
Waiting for ticket detail for MV6063...
Found 1 ticket item card(s).
Uploaded MV6063_01_BareBright.jpg to train/BareBright/ and all_by_ticket/MV6063/ using Direct Image Src
Uploaded 1 image(s) for MV6063
Opening ticket MV6061...
Downloading images for MV6061...
Waiting for ticket detail for MV6061...
Found 1 ticket item card(s).
Uploaded MV6061_01_Extrusion.jpg to train/Extrusion/ and all_by_ticket/MV6061/ using Direct Image Src
Uploaded 1 image(s) for MV6061
Opening ticket MV6060...
Downloading images for MV6060...
Waiting for ticket detail for MV6060...
Found 2 ticket item card(s).
Uploaded MV6060_01_Sheet_Iron.jpg to train/Sheet_Iron/ and all_by_ticket/MV6060/ using Direct Image Src
Uploaded MV6060_02_1_Insulated_Wire.jpg to train/1_Insulated_Wire/ and all_by_ticket/MV6060/ using Direct Image Src
Uploaded 2 image(s) for MV6060
Pagination before click: 81 - 90 of 130
Pagination after click: 91 - 100 of 130

Processing results page 10...
Scraping ticket numbers from current page...
Waiting for search results...
Skipping ticket MV6079 due to status: CANCEL
Skipping ticket MV6074 due to status: VOID
Skipping ticket MV6072 due to status: VOID
Found 7 ticket(s) on this page after status filtering: ['MV6078', 'MV6077', 'MV6076', 'MV6075', 'MV6073', 'MV6071', 'MV6070']
Opening ticket MV6078...
Downloading images for MV6078...
Waiting for ticket detail for MV6078...
Found 1 ticket item card(s).
Uploaded MV6078_01_2_Copper.jpg to val/2_Copper/ and all_by_ticket/MV6078/ using Direct Image Src
Uploaded 1 image(s) for MV6078
Opening ticket MV6077...
Downloading images for MV6077...
Waiting for ticket detail for MV6077...
Found 3 ticket item card(s).
Uploaded MV6077_01_Complete_PC.jpg to train/Complete_PC/ and all_by_ticket/MV6077/ using Direct Image Src
Uploaded MV6077_02_Complete_PC.jpg to train/Complete_PC/ and all_by_ticket/MV6077/ using Direct Image Src
Uploaded MV6077_03_Low_Grade_Insulated_Wire.jpg to train/Low_Grade_Insulated_Wire/ and all_by_ticket/MV6077/ using Direct Image Src
Uploaded 3 image(s) for MV6077
Opening ticket MV6076...
Downloading images for MV6076...
Waiting for ticket detail for MV6076...
Found 1 ticket item card(s).
No direct full-size image URL found for MV6076 item 1 (Test).
Skipping ticket MV6076: no usable image tasks found.
Uploaded 0 image(s) for MV6076
Opening ticket MV6075...
Downloading images for MV6075...
Waiting for ticket detail for MV6075...
Found 1 ticket item card(s).
Uploaded MV6075_01_2_Copper.jpg to test/2_Copper/ and all_by_ticket/MV6075/ using Direct Image Src
Uploaded 1 image(s) for MV6075
Opening ticket MV6073...
Downloading images for MV6073...
Waiting for ticket detail for MV6073...
Found 1 ticket item card(s).
Uploaded MV6073_01_Aluminum_Cans.jpg to train/Aluminum_Cans/ and all_by_ticket/MV6073/ using Direct Image Src
Uploaded 1 image(s) for MV6073
Opening ticket MV6071...
Downloading images for MV6071...
Waiting for ticket detail for MV6071...
Found 1 ticket item card(s).
Uploaded MV6071_01_Sheet_Iron.jpg to train/Sheet_Iron/ and all_by_ticket/MV6071/ using Direct Image Src
Uploaded 1 image(s) for MV6071
Opening ticket MV6070...
Downloading images for MV6070...
Waiting for ticket detail for MV6070...
Found 10 ticket item card(s).
Uploaded MV6070_03_Irony_ACR_Radiators.jpg to train/Irony_ACR_Radiators/ and all_by_ticket/MV6070/ using Direct Image Src
Uploaded MV6070_02_Cast_Aluminum.jpg to val/Cast_Aluminum/ and all_by_ticket/MV6070/ using Direct Image Src
Uploaded MV6070_01_Aluminum_Rim_Clean.jpg to train/Aluminum_Rim_Clean/ and all_by_ticket/MV6070/ using Direct Image Src
Uploaded MV6070_09_2_Insulated_Wire.jpg to train/2_Insulated_Wire/ and all_by_ticket/MV6070/ using Direct Image Src
Uploaded MV6070_10_Circuit_Board_Low_Grade.jpg to train/Circuit_Board_Low_Grade/ and all_by_ticket/MV6070/ using Direct Image Src
Uploaded MV6070_06_Cat_56.jpg to train/Cat_56/ and all_by_ticket/MV6070/ using Direct Image Src
Uploaded MV6070_07_2_Copper.jpg to train/2_Copper/ and all_by_ticket/MV6070/ using Direct Image Src
Uploaded MV6070_05_Irony_ACR_Radiators.jpg to test/Irony_ACR_Radiators/ and all_by_ticket/MV6070/ using Direct Image Src
Uploaded MV6070_08_2_Copper.jpg to val/2_Copper/ and all_by_ticket/MV6070/ using Direct Image Src
Uploaded MV6070_04_2_Insulated_Wire.jpg to train/2_Insulated_Wire/ and all_by_ticket/MV6070/ using Direct Image Src
Uploaded 10 image(s) for MV6070
Pagination before click: 91 - 100 of 130
Pagination after click: 101 - 110 of 130

Processing results page 11...
Scraping ticket numbers from current page...
Waiting for search results...
Found 10 ticket(s) on this page after status filtering: ['MV6089', 'MV6088', 'MV6087', 'MV6086', 'MV6085', 'MV6084', 'MV6083', 'MV6082', 'MV6081', 'MV6080']
Opening ticket MV6089...
Downloading images for MV6089...
Waiting for ticket detail for MV6089...
Found 1 ticket item card(s).
Uploaded MV6089_01_Sheet_Iron.jpg to test/Sheet_Iron/ and all_by_ticket/MV6089/ using Direct Image Src
Uploaded 1 image(s) for MV6089
Opening ticket MV6088...
Downloading images for MV6088...
Waiting for ticket detail for MV6088...
Found 1 ticket item card(s).
Uploaded MV6088_01_Sheet_Iron.jpg to test/Sheet_Iron/ and all_by_ticket/MV6088/ using Direct Image Src
Uploaded 1 image(s) for MV6088
Opening ticket MV6087...
Downloading images for MV6087...
Waiting for ticket detail for MV6087...
Found 3 ticket item card(s).
Uploaded MV6087_03_Irony_Aluminum.jpg to train/Irony_Aluminum/ and all_by_ticket/MV6087/ using Direct Image Src
Uploaded MV6087_02_Alternator.jpg to train/Alternator/ and all_by_ticket/MV6087/ using Direct Image Src
Uploaded MV6087_01_Sheet_Iron.jpg to train/Sheet_Iron/ and all_by_ticket/MV6087/ using Direct Image Src
Uploaded 3 image(s) for MV6087
Opening ticket MV6086...
Downloading images for MV6086...
Waiting for ticket detail for MV6086...
Found 12 ticket item card(s).
Uploaded MV6086_03_Sheet_Iron.jpg to train/Sheet_Iron/ and all_by_ticket/MV6086/ using Direct Image Src
Uploaded MV6086_08_Sheet_Iron.jpg to test/Sheet_Iron/ and all_by_ticket/MV6086/ using Direct Image Src
Uploaded MV6086_02_Sheet_Iron.jpg to train/Sheet_Iron/ and all_by_ticket/MV6086/ using Direct Image Src
Uploaded MV6086_04_Irony_Aluminum.jpg to train/Irony_Aluminum/ and all_by_ticket/MV6086/ using Direct Image Src
Uploaded MV6086_01_Sheet_Iron.jpg to train/Sheet_Iron/ and all_by_ticket/MV6086/ using Direct Image Src
Uploaded MV6086_07_Sheet_Iron.jpg to train/Sheet_Iron/ and all_by_ticket/MV6086/ using Direct Image Src
Uploaded MV6086_05_Sheet_Iron.jpg to train/Sheet_Iron/ and all_by_ticket/MV6086/ using Direct Image Src
Uploaded MV6086_06_Sheet_Iron.jpg to val/Sheet_Iron/ and all_by_ticket/MV6086/ using Direct Image Src
Uploaded MV6086_09_Irony_Aluminum.jpg to train/Irony_Aluminum/ and all_by_ticket/MV6086/ using Direct Image Src
Uploaded MV6086_11_Sheet_Iron.jpg to train/Sheet_Iron/ and all_by_ticket/MV6086/ using Direct Image Src
Uploaded MV6086_10_Irony_Aluminum.jpg to train/Irony_Aluminum/ and all_by_ticket/MV6086/ using Direct Image Src
Uploaded MV6086_12_Sheet_Iron.jpg to train/Sheet_Iron/ and all_by_ticket/MV6086/ using Direct Image Src
Uploaded 12 image(s) for MV6086
Opening ticket MV6085...
Downloading images for MV6085...
Waiting for ticket detail for MV6085...
Found 6 ticket item card(s).
Uploaded MV6085_02_BareBright.jpg to train/BareBright/ and all_by_ticket/MV6085/ using Direct Image Src
Uploaded MV6085_03_2_Insulated_Wire.jpg to train/2_Insulated_Wire/ and all_by_ticket/MV6085/ using Direct Image Src
Uploaded MV6085_01_Aluminum_Cans.jpg to train/Aluminum_Cans/ and all_by_ticket/MV6085/ using Direct Image Src
Uploaded MV6085_04_Yellow_Brass_Clean.jpg to val/Yellow_Brass_Clean/ and all_by_ticket/MV6085/ using Direct Image Src
Uploaded MV6085_06_Laptops_Complete.jpg to train/Laptops_Complete/ and all_by_ticket/MV6085/ using Direct Image Src
Uploaded MV6085_05_Complete_PC.jpg to test/Complete_PC/ and all_by_ticket/MV6085/ using Direct Image Src
Uploaded 6 image(s) for MV6085
Opening ticket MV6084...
Downloading images for MV6084...
Waiting for ticket detail for MV6084...
Found 2 ticket item card(s).
Uploaded MV6084_02_2_Insulated_Wire.jpg to train/2_Insulated_Wire/ and all_by_ticket/MV6084/ using Direct Image Src
Uploaded MV6084_01_Sheet_Iron.jpg to train/Sheet_Iron/ and all_by_ticket/MV6084/ using Direct Image Src
Uploaded 2 image(s) for MV6084
Opening ticket MV6083...
Downloading images for MV6083...
Waiting for ticket detail for MV6083...
Found 1 ticket item card(s).
Uploaded MV6083_01_ICB_Totes.jpg to train/ICB_Totes/ and all_by_ticket/MV6083/ using Direct Image Src
Uploaded 1 image(s) for MV6083
Opening ticket MV6082...
Downloading images for MV6082...
Waiting for ticket detail for MV6082...
Found 2 ticket item card(s).
Uploaded MV6082_02_Freight_Charge.jpg to train/Freight_Charge/ and all_by_ticket/MV6082/ using Direct Image Src
Uploaded MV6082_01_Sheet_Iron.jpg to train/Sheet_Iron/ and all_by_ticket/MV6082/ using Direct Image Src
Uploaded 2 image(s) for MV6082
Opening ticket MV6081...
Downloading images for MV6081...
Waiting for ticket detail for MV6081...
Found 3 ticket item card(s).
Uploaded MV6081_02_Sheet_Aluminum.jpg to train/Sheet_Aluminum/ and all_by_ticket/MV6081/ using Direct Image Src
Uploaded MV6081_01_304.jpg to train/304/ and all_by_ticket/MV6081/ using Direct Image Src
Uploaded MV6081_03_Freight_Charge.jpg to train/Freight_Charge/ and all_by_ticket/MV6081/ using Direct Image Src
Uploaded 3 image(s) for MV6081
Opening ticket MV6080...
Downloading images for MV6080...
Waiting for ticket detail for MV6080...
Found 4 ticket item card(s).
Uploaded MV6080_03_Cat_56.jpg to train/Cat_56/ and all_by_ticket/MV6080/ using Direct Image Src
Uploaded MV6080_02_1_Insulated_Wire.jpg to train/1_Insulated_Wire/ and all_by_ticket/MV6080/ using Direct Image Src
Uploaded MV6080_04_Extrusion.jpg to train/Extrusion/ and all_by_ticket/MV6080/ using Direct Image Src
Uploaded MV6080_01_Sheet_Iron.jpg to train/Sheet_Iron/ and all_by_ticket/MV6080/ using Direct Image Src
Uploaded 4 image(s) for MV6080
Pagination before click: 101 - 110 of 130
Pagination after click: 111 - 120 of 130

Processing results page 12...
Scraping ticket numbers from current page...
Waiting for search results...
Found 10 ticket(s) on this page after status filtering: ['MV6099', 'MV6098', 'MV6097', 'MV6096', 'MV6095', 'MV6094', 'MV6093', 'MV6092', 'MV6091', 'MV6090']
Opening ticket MV6099...
Downloading images for MV6099...
Waiting for ticket detail for MV6099...
Found 1 ticket item card(s).
Uploaded MV6099_01_Sheet_Iron.jpg to train/Sheet_Iron/ and all_by_ticket/MV6099/ using Direct Image Src
Uploaded 1 image(s) for MV6099
Opening ticket MV6098...
Downloading images for MV6098...
Waiting for ticket detail for MV6098...
Found 2 ticket item card(s).
Uploaded MV6098_01_Sheet_Iron.jpg to train/Sheet_Iron/ and all_by_ticket/MV6098/ using Direct Image Src
Uploaded MV6098_02_304.jpg to train/304/ and all_by_ticket/MV6098/ using Direct Image Src
Uploaded 2 image(s) for MV6098
Opening ticket MV6097...
Downloading images for MV6097...
Waiting for ticket detail for MV6097...
Found 1 ticket item card(s).
Uploaded MV6097_01_Yellow_Brass_Clean.jpg to train/Yellow_Brass_Clean/ and all_by_ticket/MV6097/ using Direct Image Src
Uploaded 1 image(s) for MV6097
Opening ticket MV6096...
Downloading images for MV6096...
Waiting for ticket detail for MV6096...
Found 1 ticket item card(s).
Uploaded MV6096_01_Sheet_Iron.jpg to val/Sheet_Iron/ and all_by_ticket/MV6096/ using Direct Image Src
Uploaded 1 image(s) for MV6096
Opening ticket MV6095...
Downloading images for MV6095...
Waiting for ticket detail for MV6095...
Found 1 ticket item card(s).
Uploaded MV6095_01_Aluminum_Cans.jpg to test/Aluminum_Cans/ and all_by_ticket/MV6095/ using Direct Image Src
Uploaded 1 image(s) for MV6095
Opening ticket MV6094...
Downloading images for MV6094...
Waiting for ticket detail for MV6094...
Found 1 ticket item card(s).
Uploaded MV6094_01_2_Copper.jpg to train/2_Copper/ and all_by_ticket/MV6094/ using Direct Image Src
Uploaded 1 image(s) for MV6094
Opening ticket MV6093...
Downloading images for MV6093...
Waiting for ticket detail for MV6093...
Found 1 ticket item card(s).
Uploaded MV6093_01_Irony_Aluminum.jpg to train/Irony_Aluminum/ and all_by_ticket/MV6093/ using Direct Image Src
Uploaded 1 image(s) for MV6093
Opening ticket MV6092...
Downloading images for MV6092...
Waiting for ticket detail for MV6092...
Found 5 ticket item card(s).
Uploaded MV6092_01_Irony_Aluminum.jpg to train/Irony_Aluminum/ and all_by_ticket/MV6092/ using Direct Image Src
Uploaded MV6092_02_Irony_Aluminum_Radiators.jpg to test/Irony_Aluminum_Radiators/ and all_by_ticket/MV6092/ using Direct Image Src
Uploaded MV6092_03_Sheet_Aluminum.jpg to train/Sheet_Aluminum/ and all_by_ticket/MV6092/ using Direct Image Src
Uploaded MV6092_05_2_Insulated_Wire.jpg to test/2_Insulated_Wire/ and all_by_ticket/MV6092/ using Direct Image Src
Uploaded MV6092_04_Unclean_Extrusion.jpg to train/Unclean_Extrusion/ and all_by_ticket/MV6092/ using Direct Image Src
Uploaded 5 image(s) for MV6092
Opening ticket MV6091...
Downloading images for MV6091...
Waiting for ticket detail for MV6091...
Found 1 ticket item card(s).
Uploaded MV6091_01_Aluminum_Cans.jpg to train/Aluminum_Cans/ and all_by_ticket/MV6091/ using Direct Image Src
Uploaded 1 image(s) for MV6091
Opening ticket MV6090...
Downloading images for MV6090...
Waiting for ticket detail for MV6090...
Found 1 ticket item card(s).
Uploaded MV6090_01_Motor_Cast_Rotors.jpg to train/Motor_Cast_Rotors/ and all_by_ticket/MV6090/ using Direct Image Src
Uploaded 1 image(s) for MV6090
Pagination before click: 111 - 120 of 130
Pagination after click: 121 - 130 of 130

Processing results page 13...
Scraping ticket numbers from current page...
Waiting for search results...
Found 10 ticket(s) on this page after status filtering: ['MV6109', 'MV6108', 'MV6107', 'MV6106', 'MV6105', 'MV6104', 'MV6103', 'MV6102', 'MV6101', 'MV6100']
Opening ticket MV6109...
Downloading images for MV6109...
Waiting for ticket detail for MV6109...
Found 1 ticket item card(s).
No direct full-size image URL found for MV6109 item 1 (Test).
Skipping ticket MV6109: no usable image tasks found.
Uploaded 0 image(s) for MV6109
Opening ticket MV6108...
Downloading images for MV6108...
Waiting for ticket detail for MV6108...
Found 2 ticket item card(s).
Uploaded MV6108_01_Sheet_Iron.jpg to train/Sheet_Iron/ and all_by_ticket/MV6108/ using Direct Image Src
Uploaded MV6108_02_2_Copper.jpg to train/2_Copper/ and all_by_ticket/MV6108/ using Direct Image Src
Uploaded 2 image(s) for MV6108
Opening ticket MV6107...
Downloading images for MV6107...
Waiting for ticket detail for MV6107...
Found 1 ticket item card(s).
Uploaded MV6107_01_2_Copper.jpg to train/2_Copper/ and all_by_ticket/MV6107/ using Direct Image Src
Uploaded 1 image(s) for MV6107
Opening ticket MV6106...
Downloading images for MV6106...
Waiting for ticket detail for MV6106...
Found 3 ticket item card(s).
Uploaded MV6106_01_2_Copper.jpg to train/2_Copper/ and all_by_ticket/MV6106/ using Direct Image Src
Uploaded MV6106_02_2_Copper.jpg to train/2_Copper/ and all_by_ticket/MV6106/ using Direct Image Src
Uploaded MV6106_03_BareBright.jpg to val/BareBright/ and all_by_ticket/MV6106/ using Direct Image Src
Uploaded 3 image(s) for MV6106
Opening ticket MV6105...
Downloading images for MV6105...
Waiting for ticket detail for MV6105...
Found 1 ticket item card(s).
Uploaded MV6105_01_Sheet_Iron.jpg to train/Sheet_Iron/ and all_by_ticket/MV6105/ using Direct Image Src
Uploaded 1 image(s) for MV6105
Opening ticket MV6104...
Downloading images for MV6104...
Waiting for ticket detail for MV6104...
Found 1 ticket item card(s).
Uploaded MV6104_01_AluminumCopper_Radiator.jpg to train/AluminumCopper_Radiator/ and all_by_ticket/MV6104/ using Direct Image Src
Uploaded 1 image(s) for MV6104
Opening ticket MV6103...
Downloading images for MV6103...
Waiting for ticket detail for MV6103...
Found 1 ticket item card(s).
Uploaded MV6103_01_BareBright.jpg to train/BareBright/ and all_by_ticket/MV6103/ using Direct Image Src
Uploaded 1 image(s) for MV6103
Opening ticket MV6102...
Downloading images for MV6102...
Waiting for ticket detail for MV6102...
Found 5 ticket item card(s).
Uploaded MV6102_01_Sheet_Iron.jpg to train/Sheet_Iron/ and all_by_ticket/MV6102/ using Direct Image Src
Uploaded MV6102_03_2_Copper.jpg to train/2_Copper/ and all_by_ticket/MV6102/ using Direct Image Src
Uploaded MV6102_02_Extrusion.jpg to train/Extrusion/ and all_by_ticket/MV6102/ using Direct Image Src
Uploaded MV6102_05_2_Insulated_Wire.jpg to test/2_Insulated_Wire/ and all_by_ticket/MV6102/ using Direct Image Src
Uploaded MV6102_04_BareBright.jpg to train/BareBright/ and all_by_ticket/MV6102/ using Direct Image Src
Uploaded 5 image(s) for MV6102
Opening ticket MV6101...
Downloading images for MV6101...
Waiting for ticket detail for MV6101...
Found 2 ticket item card(s).
Uploaded MV6101_01_Sheet_Iron.jpg to train/Sheet_Iron/ and all_by_ticket/MV6101/ using Direct Image Src
Uploaded MV6101_02_Circuit_Board_Mid_Grade.jpg to train/Circuit_Board_Mid_Grade/ and all_by_ticket/MV6101/ using Direct Image Src
Uploaded 2 image(s) for MV6101
Opening ticket MV6100...
Downloading images for MV6100...
Waiting for ticket detail for MV6100...
Found 1 ticket item card(s).
Uploaded MV6100_01_1_Insulated_Wire.jpg to test/1_Insulated_Wire/ and all_by_ticket/MV6100/ using Direct Image Src
Uploaded 1 image(s) for MV6100
Reached last page.

Finished scraping and uploading images.
S3 bucket used: mvmr-scrapright-images-ojanama
Dataset structure used: train/<label>/, val/<label>/, test/<label>/, all_by_ticket/<ticket_number>/
{
    "StoppingInstances": [
        {
            "InstanceId": "i-0cea2f3cf1a36acbb",
            "CurrentState": {
                "Code": 64,
                "Name": "stopping"
            },
            "PreviousState": {
                "Code": 16,
                "Name": "running"
            }
        }
    ]
}
